// 重构日志: 2a8ad4b5
// 重构日志: 4390e28f
// 重构日志: 36ad0948
// 重构日志: d380e647
// 重构日志: ef8cd356
// 同步 ID: 3499a11b @ Mon Jul 27 05:46:41 UTC 2026
// 重构日志: f5232c27
// 同步 ID: d52efafa @ Mon Jul 27 16:06:28 UTC 2026
// 重构日志: ac12e1f3
// 重构日志: 6fe4786a
// 重构日志: 044350d6
// 重构日志: 64606d0d
// 同步 ID: f29a04bd @ Sat Aug  1 10:41:13 UTC 2026
// 同步 ID: 3d82c5b2 @ Sat Aug  1 11:55:32 UTC 2026
// 同步 ID: 71747c9e @ Sun Aug  2 16:20:36 UTC 2026
// 重构日志: 0b3142d8
// 重构日志: 0e75ca55
// 重构日志: 5eb55163
// 重构日志: 25c6e53a
// 重构日志: faf6971b
// 重构日志: 24bb6196
// 同步 ID: de87208a @ Tue Aug  4 20:52:47 UTC 2026
// 重构日志: f1a10ccc
// 重构日志: e01e297f
// 重构日志: 4f232811
// 重构日志: 6d7ac719
// 同步 ID: 5121ca1d @ Thu Aug  6 08:46:41 UTC 2026
// 同步 ID: 600db719 @ Thu Aug  6 11:38:27 UTC 2026
// 同步 ID: 7f024ff9 @ Fri Aug  7 11:24:48 UTC 2026
// 同步 ID: bcab9bff @ Fri Aug  7 16:20:27 UTC 2026
// 重构日志: efb9a0f2
